2026-05-25T14:46:53.054+07:00  INFO 26868 --- [PTIT_CNTT2_IT211_SS10_EX1] [restartedMain] c.r.p.PtitCntt2It211Ss10Ex1Application   : Starting PtitCntt2It211Ss10Ex1Application using Java 17.0.18 with PID 26868 (E:\Admin\Documents\PTIT_CNTT2_IT211\PTIT_CNTT2_IT211_SS10_EX1\build\classes\java\main started by Admin in E:\Admin\Documents\PTIT_CNTT2_IT211\PTIT_CNTT2_IT211_SS10_EX1)
2026-05-25T14:46:53.056+07:00  INFO 26868 --- [PTIT_CNTT2_IT211_SS10_EX1] [restartedMain] c.r.p.PtitCntt2It211Ss10Ex1Application   : No active profile set, falling back to 1 default profile: "default"
2026-05-25T14:46:53.101+07:00  INFO 26868 --- [PTIT_CNTT2_IT211_SS10_EX1] [restartedMain] .e.DevToolsPropertyDefaultsPostProcessor : Devtools property defaults active! Set 'spring.devtools.add-properties' to 'false' to disable
2026-05-25T14:46:53.103+07:00  INFO 26868 --- [PTIT_CNTT2_IT211_SS10_EX1] [restartedMain] .e.DevToolsPropertyDefaultsPostProcessor : For additional web related logging consider setting the 'logging.level.web' property to 'DEBUG'
2026-05-25T14:46:53.738+07:00  INFO 26868 --- [PTIT_CNTT2_IT211_SS10_EX1] [restartedMain] .s.d.r.c.RepositoryConfigurationDelegate : Bootstrapping Spring Data JPA repositories in DEFAULT mode.
2026-05-25T14:46:53.832+07:00  INFO 26868 --- [PTIT_CNTT2_IT211_SS10_EX1] [restartedMain] .s.d.r.c.RepositoryConfigurationDelegate : Finished Spring Data repository scanning in 88 ms. Found 1 JPA repository interface.
2026-05-25T14:46:54.369+07:00  INFO 26868 --- [PTIT_CNTT2_IT211_SS10_EX1] [restartedMain] o.s.boot.tomcat.TomcatWebServer          : Tomcat initialized with port 8080 (http)
2026-05-25T14:46:54.395+07:00  INFO 26868 --- [PTIT_CNTT2_IT211_SS10_EX1] [restartedMain] o.apache.catalina.core.StandardService   : Starting service [Tomcat]
2026-05-25T14:46:54.395+07:00  INFO 26868 --- [PTIT_CNTT2_IT211_SS10_EX1] [restartedMain] o.apache.catalina.core.StandardEngine    : Starting Servlet engine: [Apache Tomcat/11.0.21]
2026-05-25T14:46:54.448+07:00  INFO 26868 --- [PTIT_CNTT2_IT211_SS10_EX1] [restartedMain] b.w.c.s.WebApplicationContextInitializer : Root WebApplicationContext: initialization completed in 1344 ms
2026-05-25T14:46:54.860+07:00  INFO 26868 --- [PTIT_CNTT2_IT211_SS10_EX1] [restartedMain] org.hibernate.orm.jpa                    : HHH008540: Processing PersistenceUnitInfo [name: default]
2026-05-25T14:46:55.003+07:00  INFO 26868 --- [PTIT_CNTT2_IT211_SS10_EX1] [restartedMain] org.hibernate.orm.core                   : HHH000001: Hibernate ORM core version 7.2.12.Final
2026-05-25T14:46:55.994+07:00  INFO 26868 --- [PTIT_CNTT2_IT211_SS10_EX1] [restartedMain] o.s.o.j.p.SpringPersistenceUnitInfo      : No LoadTimeWeaver setup: ignoring JPA class transformer
2026-05-25T14:46:56.065+07:00  INFO 26868 --- [PTIT_CNTT2_IT211_SS10_EX1] [restartedMain] com.zaxxer.hikari.HikariDataSource       : HikariPool-1 - Starting...
2026-05-25T14:46:57.041+07:00  INFO 26868 --- [PTIT_CNTT2_IT211_SS10_EX1] [restartedMain] com.zaxxer.hikari.pool.HikariPool        : HikariPool-1 - Added connection com.mysql.cj.jdbc.ConnectionImpl@2522e448
2026-05-25T14:46:57.043+07:00  INFO 26868 --- [PTIT_CNTT2_IT211_SS10_EX1] [restartedMain] com.zaxxer.hikari.HikariDataSource       : HikariPool-1 - Start completed.
2026-05-25T14:46:57.247+07:00  INFO 26868 --- [PTIT_CNTT2_IT211_SS10_EX1] [restartedMain] org.hibernate.orm.connections.pooling    : HHH10001005: Database info:
	Database JDBC URL [jdbc:mysql://localhost:3306/db_SS10_1?createDatabaseIfNotExist=true]
	Database driver: MySQL Connector/J
	Database dialect: MySQLDialect
	Database version: 8.0.44
	Default catalog/schema: db_SS10_1/undefined
	Autocommit mode: undefined/unknown
	Isolation level: REPEATABLE_READ [default REPEATABLE_READ]
	JDBC fetch size: none
	Pool: DataSourceConnectionProvider
	Minimum pool size: undefined/unknown
	Maximum pool size: undefined/unknown
2026-05-25T14:46:59.015+07:00  INFO 26868 --- [PTIT_CNTT2_IT211_SS10_EX1] [restartedMain] org.hibernate.orm.core                   : HHH000489: No JTA platform available (set 'hibernate.transaction.jta.platform' to enable JTA platform integration)
2026-05-25T14:46:59.193+07:00  INFO 26868 --- [PTIT_CNTT2_IT211_SS10_EX1] [restartedMain] j.LocalContainerEntityManagerFactoryBean : Initialized JPA EntityManagerFactory for persistence unit 'default'
2026-05-25T14:46:59.376+07:00  INFO 26868 --- [PTIT_CNTT2_IT211_SS10_EX1] [restartedMain] o.s.d.j.r.query.QueryEnhancerFactories   : Hibernate is in classpath; If applicable, HQL parser will be used.
2026-05-25T14:46:59.968+07:00  WARN 26868 --- [PTIT_CNTT2_IT211_SS10_EX1] [restartedMain] JpaBaseConfiguration$JpaWebConfiguration : spring.jpa.open-in-view is enabled by default. Therefore, database queries may be performed during view rendering. Explicitly configure spring.jpa.open-in-view to disable this warning
2026-05-25T14:47:00.801+07:00  INFO 26868 --- [PTIT_CNTT2_IT211_SS10_EX1] [restartedMain] o.s.boot.tomcat.TomcatWebServer          : Tomcat started on port 8080 (http) with context path '/'
2026-05-25T14:47:00.815+07:00  INFO 26868 --- [PTIT_CNTT2_IT211_SS10_EX1] [restartedMain] c.r.p.PtitCntt2It211Ss10Ex1Application   : Started PtitCntt2It211Ss10Ex1Application in 8.284 seconds (process running for 9.275)
2026-05-25T14:48:23.887+07:00  INFO 26868 --- [PTIT_CNTT2_IT211_SS10_EX1] [http-nio-8080-exec-2] o.a.c.c.C.[Tomcat].[localhost].[/]       : Initializing Spring DispatcherServlet 'dispatcherServlet'
2026-05-25T14:48:23.888+07:00  INFO 26868 --- [PTIT_CNTT2_IT211_SS10_EX1] [http-nio-8080-exec-2] o.s.web.servlet.DispatcherServlet        : Initializing Servlet 'dispatcherServlet'
2026-05-25T14:48:23.890+07:00  INFO 26868 --- [PTIT_CNTT2_IT211_SS10_EX1] [http-nio-8080-exec-2] o.s.web.servlet.DispatcherServlet        : Completed initialization in 2 ms
2026-05-25T14:48:24.245+07:00  INFO 26868 --- [PTIT_CNTT2_IT211_SS10_EX1] [http-nio-8080-exec-2] c.r.p.controller.CartController          : Nhận Request POST /api/cart/add - Payload: [userId: U01, productId: P123, quantity: 2]
2026-05-25T14:48:24.262+07:00  INFO 26868 --- [PTIT_CNTT2_IT211_SS10_EX1] [http-nio-8080-exec-2] c.r.p.service.impl.CartServiceImpl       : Bắt đầu xử lý logic thêm vào giỏ hàng cho User: U01 - Sản phẩm: P123
2026-05-25T14:48:25.110+07:00  INFO 26868 --- [PTIT_CNTT2_IT211_SS10_EX1] [http-nio-8080-exec-2] c.r.p.service.impl.CartServiceImpl       : Sản phẩm chưa có trong giỏ hàng. Tạo mới bản ghi.
2026-05-25T14:48:25.209+07:00  INFO 26868 --- [PTIT_CNTT2_IT211_SS10_EX1] [http-nio-8080-exec-2] c.r.p.service.impl.CartServiceImpl       : Lưu thông tin giỏ hàng thành công. CartItem ID: 1
2026-05-25T14:48:25.228+07:00  INFO 26868 --- [PTIT_CNTT2_IT211_SS10_EX1] [http-nio-8080-exec-2] c.r.p.controller.CartController          : Kết quả xử lý thành công cho User: U01 - Trả về HTTP 201
2026-05-25T14:48:47.020+07:00  INFO 26868 --- [PTIT_CNTT2_IT211_SS10_EX1] [http-nio-8080-exec-3] c.r.p.controller.CartController          : Nhận Request GET /api/cart/1
2026-05-25T14:48:47.021+07:00  INFO 26868 --- [PTIT_CNTT2_IT211_SS10_EX1] [http-nio-8080-exec-3] c.r.p.service.impl.CartServiceImpl       : Lấy danh sách giỏ hàng của User: 1
